https://www.youtube.com/watch?v=dQw4w9WgXcQ
https://www.youtube.com/watch?v=ScMzIvxBSi4
https://www.youtube.com/watch?v=M7lc1UVf-VE
https://www.youtube.com/watch?v=jNQXAC9IVRw
